<?xml version="1.0" encoding="utf-8"?><testsuites><testsuite name="weather-extractor" errors="0" failures="0" skipped="0" tests="1" time="0.163" timestamp="2025-01-23T21:08:48.911087+00:00" hostname="chesdesktop"><testcase classname="tests.test_weather_data" name="test_missing_keys" time="0.001" /></testsuite></testsuites>